[2026-07-30 01:59:00,259] INFO django.utils.autoreload: Watching for file changes with StatReloader
[2026-07-30 01:59:30,600] INFO django.utils.autoreload: Watching for file changes with StatReloader
[2026-07-30 02:04:44,633] INFO django.utils.autoreload: Watching for file changes with StatReloader
[2026-07-30 02:04:54,205] INFO django.utils.autoreload: Watching for file changes with StatReloader
[2026-07-30 02:05:43,782] INFO django.utils.autoreload: Watching for file changes with StatReloader
[2026-07-30 02:10:53,662] WARNING django.request: Not Found: /nft/8/
[2026-07-30 02:10:53,663] WARNING django.server: "GET /nft/8/ HTTP/1.1" 404 7634
[2026-07-30 02:10:56,285] WARNING django.request: Not Found: /nft/8/
[2026-07-30 02:10:56,285] WARNING django.server: "GET /nft/8/ HTTP/1.1" 404 7634
[2026-07-30 02:10:56,935] WARNING django.request: Not Found: /nft/8/
[2026-07-30 02:10:56,936] WARNING django.server: "GET /nft/8/ HTTP/1.1" 404 7634
[2026-07-30 02:10:57,267] WARNING django.request: Not Found: /nft/8/
[2026-07-30 02:10:57,267] WARNING django.server: "GET /nft/8/ HTTP/1.1" 404 7634
[2026-07-30 02:10:57,499] WARNING django.request: Not Found: /nft/8/
[2026-07-30 02:10:57,499] WARNING django.server: "GET /nft/8/ HTTP/1.1" 404 7634
[2026-07-30 02:10:59,961] WARNING django.request: Not Found: /nft/8/
[2026-07-30 02:10:59,961] WARNING django.server: "GET /nft/8/ HTTP/1.1" 404 7634
[2026-07-30 02:15:54,055] WARNING django.request: Not Found: /nft/8/
[2026-07-30 02:15:54,056] WARNING django.server: "GET /nft/8/ HTTP/1.1" 404 7634
[2026-07-30 02:38:38,060] INFO django.utils.autoreload: Watching for file changes with StatReloader
[2026-07-30 02:38:51,183] INFO django.server: "GET / HTTP/1.1" 200 12904
[2026-07-30 02:38:54,735] INFO django.server: "GET /nft/marketplace/ HTTP/1.1" 200 8802
[2026-07-30 02:38:57,537] INFO django.server: "GET /accounts/login/ HTTP/1.1" 200 10962
[2026-07-30 02:39:01,803] INFO django.server: "POST /accounts/wallet-auth/ HTTP/1.1" 302 0
[2026-07-30 02:39:01,827] INFO django.server: "GET /nft/dashboard/ HTTP/1.1" 200 15047
[2026-07-30 02:39:05,391] INFO django.server: "GET /nft/marketplace/ HTTP/1.1" 200 11873
[2026-07-30 02:39:07,280] INFO django.server: "GET /nft/collections/ HTTP/1.1" 200 4848
[2026-07-30 02:39:09,200] INFO django.server: "GET /nft/dashboard/ HTTP/1.1" 200 14814
[2026-07-30 02:39:11,480] INFO django.server: "GET /nft/mint/ HTTP/1.1" 200 21178
[2026-07-30 02:39:34,015] INFO django.server: "POST /nft/mint/ HTTP/1.1" 302 0
[2026-07-30 02:39:34,073] INFO django.server: "GET /nft/7/ HTTP/1.1" 200 14796
[2026-07-30 02:39:34,217] INFO django.server: "GET /media/nfts/2/9f9871fb7d22667aca3f42022f286e0d.jpg HTTP/1.1" 200 17419732
[2026-07-30 02:39:41,257] INFO django.server: "GET /nft/7/certificate/ HTTP/1.1" 200 9725
[2026-07-30 02:39:41,275] INFO django.server: "GET /media/nfts/2/9f9871fb7d22667aca3f42022f286e0d.jpg HTTP/1.1" 304 0
[2026-07-30 02:42:32,877] INFO django.server: "GET /nft/marketplace/ HTTP/1.1" 200 12765
[2026-07-30 02:42:32,936] INFO django.server: "GET /media/nfts/2/9f9871fb7d22667aca3f42022f286e0d.jpg HTTP/1.1" 304 0
[2026-07-30 02:42:35,118] INFO django.server: "GET /nft/7/ HTTP/1.1" 200 14594
[2026-07-30 02:47:54,699] INFO django.server: "POST /nft/7/like/ HTTP/1.1" 302 0
[2026-07-30 02:47:54,726] INFO django.server: "GET /nft/7/ HTTP/1.1" 200 14594
[2026-07-30 02:47:54,760] INFO django.server: "GET /media/nfts/2/9f9871fb7d22667aca3f42022f286e0d.jpg HTTP/1.1" 304 0
[2026-07-30 03:37:10,204] INFO django.server: "GET / HTTP/1.1" 200 12886
[2026-07-30 03:37:10,622] INFO django.server: "GET /media/nfts/2/9f9871fb7d22667aca3f42022f286e0d.jpg HTTP/1.1" 200 17419732
[2026-07-30 03:37:13,134] INFO django.server: "GET /accounts/login/ HTTP/1.1" 200 10962
[2026-07-30 03:37:13,151] INFO django.server: "GET /static/js/auth.js HTTP/1.1" 304 0
[2026-07-30 03:37:17,300] INFO django.server: "POST /accounts/wallet-auth/ HTTP/1.1" 302 0
[2026-07-30 03:37:17,318] INFO django.server: "GET /nft/dashboard/ HTTP/1.1" 200 15047
[2026-07-30 03:37:19,755] INFO django.server: "GET /nft/marketplace/ HTTP/1.1" 200 12765
[2026-07-30 03:37:22,845] INFO django.server: "GET /nft/7/ HTTP/1.1" 200 15528
[2026-07-30 03:58:39,075] INFO django.utils.autoreload: Watching for file changes with StatReloader
[2026-07-30 03:58:43,071] INFO django.server: "GET /accounts/logout/ HTTP/1.1" 302 0
[2026-07-30 03:58:43,091] INFO django.server: "GET / HTTP/1.1" 200 13090
[2026-07-30 03:58:43,525] INFO django.server: "GET /media/nfts/2/9f9871fb7d22667aca3f42022f286e0d.jpg HTTP/1.1" 304 0
[2026-07-30 03:58:44,905] INFO django.server: "GET /accounts/login/ HTTP/1.1" 200 10962
[2026-07-30 03:58:46,960] INFO django.server: "POST /accounts/wallet-auth/ HTTP/1.1" 302 0
[2026-07-30 03:58:46,982] INFO django.server: "GET /nft/dashboard/ HTTP/1.1" 200 15047
[2026-07-30 03:58:52,206] INFO django.server: "GET /accounts/logout/ HTTP/1.1" 302 0
[2026-07-30 03:58:52,222] INFO django.server: "GET / HTTP/1.1" 200 13090
[2026-07-30 03:58:54,483] INFO django.server: "GET /accounts/login/ HTTP/1.1" 200 10962
